2024-10-04T11:19:31-07:00 LAUNCH
[I 2024-10-04 11:19:39.487 ServerApp] Extension package dask_labextension took 1.9630s to import
[W 2024-10-04 11:19:39.488 ServerApp] A `_jupyter_server_extension_points` function was not found in dask_labextension. Instead, a `_jupyter_server_extension_paths` function was found and will be used for now. This function name will be deprecated in future releases of Jupyter Server.
[I 2024-10-04 11:19:39.754 ServerApp] Extension package jupyter_server_ydoc took 0.1431s to import
[I 2024-10-04 11:19:40.075 ServerApp] Extension package jupyterlab_git took 0.1244s to import
[I 2024-10-04 11:19:41.353 ServerApp] Extension package jupyterlab_h5web took 1.2699s to import
[I 2024-10-04 11:19:41.702 ServerApp] Extension package jupytext took 0.3196s to import
[W 2024-10-04 11:19:41.714 ServerApp] A `_jupyter_server_extension_points` function was not found in nbclassic. Instead, a `_jupyter_server_extension_paths` function was found and will be used for now. This function name will be deprecated in future releases of Jupyter Server.
[I 2024-10-04 11:19:42.297 ServerApp] Extension package webio_jupyter_extension.serverextension took 0.5782s to import
[I 2024-10-04 11:19:42.298 ServerApp] dask_labextension | extension was successfully linked.
[I 2024-10-04 11:19:42.299 ServerApp] jupyter_resource_usage | extension was successfully linked.
[I 2024-10-04 11:19:42.342 ServerApp] jupyter_server_fileid | extension was successfully linked.
[I 2024-10-04 11:19:42.354 ServerApp] jupyter_server_mathjax | extension was successfully linked.
[I 2024-10-04 11:19:42.355 ServerApp] jupyter_server_proxy | extension was successfully linked.
[I 2024-10-04 11:19:42.364 ServerApp] jupyter_server_terminals | extension was successfully linked.
[I 2024-10-04 11:19:42.369 ServerApp] jupyter_server_ydoc | extension was successfully linked.
[I 2024-10-04 11:19:42.369 JupyterHubSingleUser] Starting jupyterhub single-user server extension version 4.1.5
[I 2024-10-04 11:19:42.370 JupyterHubSingleUser] Using default url from environment $JUPYTERHUB_DEFAULT_URL: /lab/tree/global/homes/c/crmiller
[I 2024-10-04 11:19:42.373 ServerApp] jupyterhub | extension was successfully linked.
[W 2024-10-04 11:19:42.385 LabApp] 'extra_template_paths' was found in both NotebookApp and ServerApp. This is likely a recent change. This config will only be set in NotebookApp. Please check if you should also config these traits in ServerApp for your purpose.
[I 2024-10-04 11:19:42.401 ServerApp] jupyterlab | extension was successfully linked.
[I 2024-10-04 11:19:42.407 ServerApp] jupyterlab_code_formatter | extension was successfully linked.
[I 2024-10-04 11:19:42.410 ServerApp] jupyterlab_git | extension was successfully linked.
[I 2024-10-04 11:19:42.417 ServerApp] jupyterlab_h5web | extension was successfully linked.
[I 2024-10-04 11:19:42.425 ServerApp] jupyterlab_slurm | extension was successfully linked.
[I 2024-10-04 11:19:42.429 ServerApp] jupytext | extension was successfully linked.
[W 2024-10-04 11:19:42.459 NotebookApp] 'extra_template_paths' was found in both NotebookApp and ServerApp. This is likely a recent change. This config will only be set in NotebookApp. Please check if you should also config these traits in ServerApp for your purpose.
[I 2024-10-04 11:19:42.464 ServerApp] nbclassic | extension was successfully linked.
[I 2024-10-04 11:19:42.468 ServerApp] nbdime | extension was successfully linked.
[I 2024-10-04 11:19:42.472 ServerApp] Writing Jupyter server cookie secret to /tmp/jupyter-runtime-a88f6323-3279-46cf-b0b7-5a6265d3c849/jupyter_cookie_secret
[I 2024-10-04 11:19:42.590 ServerApp] notebook_shim | extension was successfully linked.
[I 2024-10-04 11:19:42.593 ServerApp] webio_jupyter_extension.serverextension | extension was successfully linked.
/global/common/software/nersc9/jupyter/ex/24-05/lib/python3.10/site-packages/jupyter_server/serverapp.py:2236: JupyterServerAuthWarning: Core endpoints without @allow_unauthenticated, @ws_authenticated, nor @web.authenticated:
- GET of JupyterHubLogoutHandler registered for /user/crmiller/perlmutter-exclusive-node-cpu/logout
- GET of JupyterHubOAuthCallbackHandler registered for /user/crmiller/perlmutter-exclusive-node-cpu/oauth_callback
  self.web_app = ServerWebApplication(
[I 2024-10-04 11:19:43.020 ServerApp] notebook_shim | extension was successfully loaded.
[I 2024-10-04 11:19:43.021 ServerApp] dask_labextension | extension was successfully loaded.
[I 2024-10-04 11:19:43.022 ServerApp] jupyter_resource_usage | extension was successfully loaded.
[I 2024-10-04 11:19:43.022 FileIdExtension] Configured File ID manager: ArbitraryFileIdManager
[I 2024-10-04 11:19:43.023 FileIdExtension] ArbitraryFileIdManager : Configured root dir: /
[I 2024-10-04 11:19:43.023 FileIdExtension] ArbitraryFileIdManager : Configured database path: /global/u1/c/crmiller/.local/share/jupyter/file_id_manager.db
[I 2024-10-04 11:19:43.039 FileIdExtension] ArbitraryFileIdManager : Successfully connected to database file.
[I 2024-10-04 11:19:43.040 FileIdExtension] ArbitraryFileIdManager : Creating File ID tables and indices with journal_mode = DELETE
[I 2024-10-04 11:19:43.066 FileIdExtension] Attached event listeners.
[I 2024-10-04 11:19:43.066 ServerApp] jupyter_server_fileid | extension was successfully loaded.
[I 2024-10-04 11:19:43.067 ServerApp] jupyter_server_mathjax | extension was successfully loaded.
[I 2024-10-04 11:19:43.128 ServerApp] jupyter_server_proxy | extension was successfully loaded.
[I 2024-10-04 11:19:43.130 ServerApp] jupyter_server_terminals | extension was successfully loaded.
[I 2024-10-04 11:19:43.131 ServerApp] jupyter_server_ydoc | extension was successfully loaded.
[I 2024-10-04 11:19:43.140 JupyterHubSingleUser] Updating Hub with activity every 300 seconds
[I 2024-10-04 11:19:43.141 ServerApp] jupyterhub | extension was successfully loaded.
[I 2024-10-04 11:19:43.435 LabApp] JupyterLab extension loaded from /global/common/software/nersc9/jupyter/ex/24-05/lib/python3.10/site-packages/jupyterlab
[I 2024-10-04 11:19:43.435 LabApp] JupyterLab application directory is /global/common/software/nersc9/jupyter/ex/24-05/share/jupyter/lab
[I 2024-10-04 11:19:43.440 ServerApp] jupyterlab | extension was successfully loaded.
[I 2024-10-04 11:19:43.440 ServerApp] Registered jupyterlab_code_formatter server extension
[I 2024-10-04 11:19:43.441 ServerApp] jupyterlab_code_formatter | extension was successfully loaded.
[I 2024-10-04 11:19:43.447 ServerApp] jupyterlab_git | extension was successfully loaded.
[I 2024-10-04 11:19:43.634 ServerApp] Jupyterlab-h5web extension will serve HDF5 files from /
[I 2024-10-04 11:19:43.634 ServerApp] jupyterlab_h5web | extension was successfully loaded.
[I 2024-10-04 11:19:43.634 ServerApp] jupyterlab_slurm server extension loaded
[I 2024-10-04 11:19:43.635 ServerApp] {'squeue_path': 'squeue', 'scancel_path': 'scancel', 'scontrol_path': 'scontrol', 'sbatch_path': 'sbatch'}
[I 2024-10-04 11:19:43.635 ServerApp] {'log_function': <function log_request at 0x7f8838e42710>, 'base_url': '/user/crmiller/perlmutter-exclusive-node-cpu/', 'default_url': '/user/crmiller/perlmutter-exclusive-node-cpu/lab/tree/global/homes/c/crmiller', 'template_path': ['/global/common/software/nersc9/jupyter/ex/24-05/lib/python3.10/site-packages/jupyter_server', '/global/common/software/nersc9/jupyter/ex/24-05/lib/python3.10/site-packages/jupyter_server/templates'], 'static_path': ['/global/common/software/nersc9/jupyter/ex/24-05/lib/python3.10/site-packages/jupyter_server/static', '/global/common/software/nersc9/jupyter/ex/24-05/lib/python3.10/site-packages/nbclassic/static'], 'static_custom_path': ['/global/u1/c/crmiller/.jupyter/custom', '/global/common/software/nersc9/jupyter/ex/24-05/lib/python3.10/site-packages/jupyter_server/static/custom'], 'static_handler_class': <class 'jupyter_server.base.handlers.FileFindHandler'>, 'static_url_prefix': '/user/crmiller/perlmutter-exclusive-node-cpu/static/', 'static_handler_args': {'no_cache_paths': ['/user/crmiller/perlmutter-exclusive-node-cpu/static/custom'], 'path': ['/global/common/software/nersc9/jupyter/ex/24-05/lib/python3.10/site-packages/jupyter_server/static', '/global/common/software/nersc9/jupyter/ex/24-05/lib/python3.10/site-packages/nbclassic/static']}, 'version_hash': '20241004181942', 'kernel_ws_protocol': '', 'limit_rate': False, 'iopub_msg_rate_limit': 0.0, 'iopub_data_rate_limit': 0.0, 'rate_limit_window': 0.0, 'cookie_secret': b'\x91\x00\xa0\xc4\xac;\x8fR=\x0blY\xa0m\xa70\x98\xd6\xe2\xce\xd8\x18L\x1c\xc0\x17Z+\x04i\xbb\xff', 'login_url': '/user/crmiller/perlmutter-exclusive-node-cpu/login', 'xsrf_cookies': False, 'disable_check_xsrf': False, 'allow_unauthenticated_access': True, 'allow_remote_access': True, 'local_hostnames': ['localhost'], 'authenticate_prometheus': True, 'kernel_manager': <jupyter_server.services.kernels.kernelmanager.AsyncMappingKernelManager object at 0x7f83fb781db0>, 'contents_manager': <jupyter_server.services.contents.largefilemanager.AsyncLargeFileManager object at 0x7f83fb781de0>, 'session_manager': <jupyter_server.services.sessions.sessionmanager.SessionManager object at 0x7f83fb7815d0>, 'kernel_spec_manager': <jupyter_client.kernelspec.KernelSpecManager object at 0x7f83fb7813c0>, 'config_manager': <jupyter_server.services.config.manager.ConfigManager object at 0x7f83fb781b70>, 'authorizer': <jupyter_server.auth.authorizer.AllowAllAuthorizer object at 0x7f83fb782050>, 'identity_provider': <jupyterhub.singleuser.extension.JupyterHubIdentityProvider object at 0x7f83fb781c30>, 'event_logger': <jupyter_events.logger.EventLogger object at 0x7f883b34e290>, 'kernel_websocket_connection_class': <class 'jupyter_server.services.kernels.connection.channels.ZMQChannelsWebsocketConnection'>, 'websocket_ping_interval': 0, 'websocket_ping_timeout': 0, 'extra_services': [], 'started': datetime.datetime(2024, 10, 4, 18, 19, 42, 885146, tzinfo=datetime.timezone.utc), 'last_activity_times': {}, 'jinja_template_vars': {'logo_url': '/hub/logo', 'hub_control_panel_url': '/hub/home'}, 'websocket_url': '', 'shutdown_button': False, 'config': {'KernelManager': {'transport': 'ipc'}, 'FileContentsManager': {'delete_to_trash': False}, 'NotebookApp': {'extra_template_paths': <LazyConfigValue value=['/global/common/software/nersc9/jupyter/ex/24-05/lib/python3.10/site-packages/jupyterhub/singleuser/templates']>}, 'ServerApp': {'shutdown_no_activity_timeout': 64800, 'jpserver_extensions': <LazyConfigValue value={'jupyterhub': True, 'dask_labextension': True, 'jupyter_resource_usage': True, 'jupyter_server_fileid': True, 'jupyter_server_mathjax': True, 'jupyter_server_proxy': True, 'jupyter_server_terminals': True, 'jupyter_server_ydoc': True, 'jupyterlab': True, 'jupyterlab_code_formatter': True, 'jupyterlab_git': True, 'jupyterlab_h5web': True, 'jupyterlab_slurm': True, 'jupytext': True, 'nbclassic': True, 'nbdime': True, 'notebook_shim': True, 'webio_jupyter_extension.serverextension': True}>, 'identity_provider_class': <class 'jupyterhub.singleuser.extension.JupyterHubIdentityProvider'>, 'allow_remote_access': True, 'open_browser': False, 'trust_xheaders': True, 'quit_button': False, 'port_retries': 0, 'answer_yes': True, 'root_dir': '/', 'port': 52173, 'ip': '0.0.0.0', 'base_url': '/user/crmiller/perlmutter-exclusive-node-cpu/', 'default_url': '/lab/tree/global/homes/c/crmiller', 'keyfile': '', 'certfile': '', 'client_ca': '', 'file_url_prefix': 'notebooks'}, 'MappingKernelManager': {'cull_idle_timeout': 64800}, 'TerminalManager': {'cull_inactive_timeout': 64800}, 'ServerProxy': {'host_allowlist': <function host_allowlist at 0x7f83fb791900>}, 'ContentsManager': {'allow_hidden': True}}, 'config_dir': '/global/u1/c/crmiller/.jupyter', 'allow_password_change': True, 'server_root_dir': '/', 'jinja2_env': <jinja2.environment.Environment object at 0x7f83fb783310>, 'serverapp': <jupyter_server.serverapp.ServerApp object at 0x7f8838ead450>, 'allow_origin': '', 'websocket_compression_options': None, 'allow_credentials': False, 'autoreload': False, 'cookie_options': {}, 'get_secure_cookie_kwargs': {}, 'token': '64c05450996d4f1b85b1ca02584b0126', 'xsrf_cookie_kwargs': {'path': '/user/crmiller/perlmutter-exclusive-node-cpu/'}, 'jupyter_resource_usage_display_config': <jupyter_resource_usage.config.ResourceUseDisplay object at 0x7f83fb86ca00>, 'jupyter_server_fileid_config': {'file_id_manager': None, 'file_id_manager_class': <class 'jupyter_server_fileid.manager.ArbitraryFileIdManager'>}, 'jupyter_server_fileid_static_paths': [], 'jupyter_server_fileid': <jupyter_server_fileid.extension.FileIdExtension object at 0x7f83fcaa39d0>, 'file_id_manager': <jupyter_server_fileid.manager.ArbitraryFileIdManager object at 0x7f83fb86cfa0>, 'jupyter_server_mathjax_config': {'mathjax_config': 'TeX-AMS-MML_HTMLorMML-full,Safe'}, 'jupyter_server_mathjax_static_paths': ['/global/common/software/nersc9/jupyter/ex/24-05/lib/python3.10/site-packages/jupyter_server_mathjax/static'], 'jupyter_server_mathjax': <jupyter_server_mathjax.app.MathJaxExtension object at 0x7f83fcac91b0>, 'mathjax_config': 'TeX-AMS-MML_HTMLorMML-full,Safe', 'mathjax_url': '/user/crmiller/perlmutter-exclusive-node-cpu/static/jupyter_server_mathjax/MathJax.js', 'jupyter_server_terminals_config': {'terminal_manager_class': <class 'jupyter_server_terminals.terminalmanager.TerminalManager'>}, 'jupyter_server_terminals_static_paths': [], 'jupyter_server_terminals': <jupyter_server_terminals.app.TerminalsExtensionApp object at 0x7f83fcacb100>, 'terminals_available': True, 'terminal_manager': <jupyter_server_terminals.terminalmanager.TerminalManager object at 0x7f83fb86d7b0>, 'jupyter_server_ydoc_config': {'document_cleanup_delay': 60, 'document_save_delay': 1.0, 'file_poll_interval': 1, 'ystore_class': <class 'jupyter_server_ydoc.handlers.SQLiteYStore'>}, 'jupyter_server_ydoc_static_paths': [], 'jupyter_server_ydoc': <jupyter_server_ydoc.app.YDocExtension object at 0x7f83fcacb610>, 'collaborative_file_poll_interval': 1, 'collaborative_document_cleanup_delay': 60, 'collaborative_document_save_delay': 1.0, 'collaborative_ystore_class': <class 'jupyter_server_ydoc.handlers.SQLiteYStore'>, 'jupyterhub-singleuser_config': {'_last_activity_sent': None, 'disable_user_config': True, 'hub_activity_interval': 300, 'hub_activity_url': 'https://jupyter.nersc.gov/hub/api/users/crmiller/activity', 'hub_auth': <jupyterhub.services.auth.HubOAuth object at 0x7f83fb86de40>, 'hub_http_client': <tornado.simple_httpclient.SimpleAsyncHTTPClient object at 0x7f83fb86e0e0>, 'server_name': 'perlmutter-exclusive-node-cpu'}, 'jupyterhub-singleuser_static_paths': [], 'jupyterhub-singleuser': <jupyterhub.singleuser.extension.JupyterHubSingleUser object at 0x7f8838122380>, 'page_config_hook': <bound method JupyterHubIdentityProvider.page_config_hook of <jupyterhub.singleuser.extension.JupyterHubIdentityProvider object at 0x7f83fb781c30>>, 'headers': {'X-JupyterHub-Version': '4.1.5', 'Content-Security-Policy': "frame-ancestors 'none'"}, 'lab_config': {'app_dir': '/global/common/software/nersc9/jupyter/ex/24-05/share/jupyter/lab', 'check_for_updates_class': <class 'jupyterlab.handlers.announcements.CheckForUpdate'>, 'collaborative': False, 'core_mode': False, 'default_url': '/lab', 'dev_mode': False, 'expose_app_in_browser': False, 'extensions_in_dev_mode': False, 'future_skip_styles_for_disabled': False, 'news_url': 'https://jupyterlab.github.io/assets/feed.xml', 'override_static_url': '', 'override_theme_url': '', 'splice_source': False, 'user_settings_dir': '/global/u1/c/crmiller/.jupyter/lab/user-settings', 'watch': False, 'workspaces_dir': '/global/u1/c/crmiller/.jupyter/lab/workspaces'}, 'lab_template_paths': ['/global/common/software/nersc9/jupyter/ex/24-05/share/jupyter/lab/static'], 'lab_jinja2_env': <jinja2.environment.Environment object at 0x7f83fb86f700>, 'lab_static_paths': ['/global/common/software/nersc9/jupyter/ex/24-05/share/jupyter/lab/static'], 'lab': <jupyterlab.labapp.LabApp object at 0x7f83fcb06f80>, 'static_immutable_cache': ['/lab/extensions/dask-labextension/static', '/lab/extensions/@jupyterlab/git/static', '/lab/extensions/@jupyterhub/jupyter-server-proxy/static', '/lab/extensions/@jupyter-server/resource-usage/static', '/lab/extensions/jupyterlab_code_formatter/static', '/lab/extensions/jupyterlab-h5web/static', '/lab/extensions/jupyterlab-nvdashboard/static', '/lab/extensions/@pyviz/jupyterlab_pyviz/static', '/lab/extensions/jupyterlab-slurm/static', '/user/crmiller/perlmutter-exclusive-node-cpu/static/lab/', '/lab/extensions/jupyterlab_pygments/static', '/lab/extensions/spreadsheet-editor/static', '/lab/extensions/additional-resources-menu/static', '/lab/extensions/@jlab-enhanced/favorites/static', '/lab/extensions/webio-jupyterlab-provider/static', '/lab/extensions/nersc-refresh-announcements/static', '/lab/extensions/@jlab-enhanced/recents/static', '/lab/extensions/jupyterlab-jupytext/static', '/lab/extensions/@jupyter-widgets/jupyterlab-manager/static', '/lab/extensions/nbdime-jupyterlab/static', '/lab/extensions/jupyter-matplotlib/static', '/lab/extensions/@axlair/jupyterlab_vim/static', '/lab/extensions/jupyterlab-plotly/static'], 'page_config_data': {'buildAvailable': True, 'buildCheck': True, 'devMode': False, 'token': '64c05450996d4f1b85b1ca02584b0126', 'exposeAppInBrowser': False, 'quitButton': False, 'collaborative': False, 'allow_hidden_files': True, 'futureSkipStylesForDisabled': False, 'notebookVersion': '[2, 14, 0]', 'news': {'disabled': False}}, 'git': <jupyterlab_git.git.Git object at 0x7f83fb68c5b0>, 'squeue_path': 'squeue', 'scancel_path': 'scancel', 'scontrol_path': 'scontrol', 'sbatch_path': 'sbatch'}
[I 2024-10-04 11:19:43.636 ServerApp] Slurm command paths: 
    squeue: squeue
    scancel: scancel
    scontrol: scontrol
    sbatch: sbatch
    
[I 2024-10-04 11:19:43.636 ServerApp] Starting up handlers....
    
[I 2024-10-04 11:19:43.637 ServerApp] Handler: ExampleHandler	URI: /user/crmiller/perlmutter-exclusive-node-cpu/jupyterlab_slurm/get_example	dict: {'log': <Logger ServerApp (DEBUG)>}
    
[I 2024-10-04 11:19:43.637 ServerApp] Handler: UserFetchHandler	URI: /user/crmiller/perlmutter-exclusive-node-cpu/jupyterlab_slurm/user	dict: {'log': <Logger ServerApp (DEBUG)>}
    
[I 2024-10-04 11:19:43.637 ServerApp] Handler: SqueueHandler	URI: /user/crmiller/perlmutter-exclusive-node-cpu/jupyterlab_slurm/squeue	dict: {'squeue': 'squeue', 'log': <Logger ServerApp (DEBUG)>}
    
[I 2024-10-04 11:19:43.638 ServerApp] Handler: ScancelHandler	URI: /user/crmiller/perlmutter-exclusive-node-cpu/jupyterlab_slurm/scancel	dict: {'scancel': 'scancel', 'log': <Logger ServerApp (DEBUG)>}
    
[I 2024-10-04 11:19:43.638 ServerApp] Handler: ScontrolHandler	URI: /user/crmiller/perlmutter-exclusive-node-cpu/jupyterlab_slurm/scontrol/(?P<action>.*)	dict: {'scontrol': 'scontrol', 'log': <Logger ServerApp (DEBUG)>}
    
[I 2024-10-04 11:19:43.638 ServerApp] Handler: SbatchHandler	URI: /user/crmiller/perlmutter-exclusive-node-cpu/jupyterlab_slurm/sbatch	dict: {'sbatch': 'sbatch', 'temporary_directory': None, 'log': <Logger ServerApp (DEBUG)>}
    
[I 2024-10-04 11:19:43.639 ServerApp] jupyterlab_slurm | extension was successfully loaded.
[W 2024-10-04 11:19:43.640 ServerApp] [Jupytext Server Extension] Async contents managers like AsyncLargeFileManager are not supported at the moment (https://github.com/mwouts/jupytext/issues/1020). We will derive a contents manager from LargeFileManager instead.
[I 2024-10-04 11:19:43.640 ServerApp] [Jupytext Server Extension] Deriving a JupytextContentsManager from LargeFileManager
[I 2024-10-04 11:19:43.641 ServerApp] jupytext | extension was successfully loaded.
[I 2024-10-04 11:19:43.673 ServerApp] nbclassic | extension was successfully loaded.
[I 2024-10-04 11:19:44.090 ServerApp] nbdime | extension was successfully loaded.
[I 2024-10-04 11:19:44.091 ServerApp] webio_jupyter_extension.serverextension | extension was successfully loaded.
[I 2024-10-04 11:19:44.091 ServerApp] Will shut down after 64800 seconds with no kernels.
[I 2024-10-04 11:19:44.092 ServerApp] Serving notebooks from local directory: /
[I 2024-10-04 11:19:44.092 ServerApp] Jupyter Server 2.14.0 is running at:
[I 2024-10-04 11:19:44.093 ServerApp] http://nid004234:52173/user/crmiller/perlmutter-exclusive-node-cpu/lab/tree/global/homes/c/crmiller?token=...
[I 2024-10-04 11:19:44.093 ServerApp]     http://127.0.0.1:52173/user/crmiller/perlmutter-exclusive-node-cpu/lab/tree/global/homes/c/crmiller?token=...
[I 2024-10-04 11:19:44.093 ServerApp] Use Control-C to stop this server and shut down all kernels (twice to skip confirmation).
[W 2024-10-04 11:20:16.160 LabApp] Could not determine jupyterlab build status without nodejs
[I 2024-10-04 11:20:16.187 ServerApp] ExampleHandler.initialize()
[I 2024-10-04 11:20:16.187 ServerApp] UserFetchHandler.initialize()
[I 2024-10-04 11:20:16.231 ServerApp] Loaded Jupytext configuration file at /global/common/software/nersc9/jupyter/ex/24-05/etc/jupytext/jupytext.toml
[I 2024-10-04 11:20:16.247 ServerApp] ExampleHandler.get()
[I 2024-10-04 11:20:16.247 ServerApp] UserFetchHandler.get() crmiller
Traceback (most recent call last):
  File "/global/common/software/nersc9/jupyter/ex/24-05/lib/python3.10/site-packages/jupyterlab_nvdashboard/server.py", line 7, in <module>
    from jupyterlab_nvdashboard import apps
  File "/global/common/software/nersc9/jupyter/ex/24-05/lib/python3.10/site-packages/jupyterlab_nvdashboard/apps/__init__.py", line 2, in <module>
    from . import gpu
  File "/global/common/software/nersc9/jupyter/ex/24-05/lib/python3.10/site-packages/jupyterlab_nvdashboard/apps/gpu.py", line 19, in <module>
    pynvml.nvmlInit()
  File "/global/common/software/nersc9/jupyter/ex/24-05/lib/python3.10/site-packages/pynvml/nvml.py", line 1770, in nvmlInit
    nvmlInitWithFlags(0)
  File "/global/common/software/nersc9/jupyter/ex/24-05/lib/python3.10/site-packages/pynvml/nvml.py", line 1760, in nvmlInitWithFlags
    _nvmlCheckReturn(ret)
  File "/global/common/software/nersc9/jupyter/ex/24-05/lib/python3.10/site-packages/pynvml/nvml.py", line 833, in _nvmlCheckReturn
    raise NVMLError(ret)
pynvml.nvml.NVMLError_DriverNotLoaded: Driver Not Loaded
Traceback (most recent call last):
  File "/global/common/software/nersc9/jupyter/ex/24-05/lib/python3.10/site-packages/jupyterlab_nvdashboard/server.py", line 7, in <module>
    from jupyterlab_nvdashboard import apps
  File "/global/common/software/nersc9/jupyter/ex/24-05/lib/python3.10/site-packages/jupyterlab_nvdashboard/apps/__init__.py", line 2, in <module>
    from . import gpu
  File "/global/common/software/nersc9/jupyter/ex/24-05/lib/python3.10/site-packages/jupyterlab_nvdashboard/apps/gpu.py", line 19, in <module>
    pynvml.nvmlInit()
  File "/global/common/software/nersc9/jupyter/ex/24-05/lib/python3.10/site-packages/pynvml/nvml.py", line 1770, in nvmlInit
    nvmlInitWithFlags(0)
  File "/global/common/software/nersc9/jupyter/ex/24-05/lib/python3.10/site-packages/pynvml/nvml.py", line 1760, in nvmlInitWithFlags
    _nvmlCheckReturn(ret)
  File "/global/common/software/nersc9/jupyter/ex/24-05/lib/python3.10/site-packages/pynvml/nvml.py", line 833, in _nvmlCheckReturn
    raise NVMLError(ret)
pynvml.nvml.NVMLError_DriverNotLoaded: Driver Not Loaded
[I 2024-10-04 11:20:20.618 ServerApp] Kernel started: eb2b1146-225f-40f3-902a-22eb01b5f1dc
[I 2024-10-04 11:20:20.619 ServerApp] Culling kernels with idle durations > 64800 seconds at 300 second intervals ...
[I 2024-10-04 11:20:20.620 ServerApp] Kernel started: fa15f75c-879b-4be9-9f11-8ac71d846e64
Traceback (most recent call last):
  File "/global/common/software/nersc9/jupyter/ex/24-05/lib/python3.10/site-packages/jupyterlab_nvdashboard/server.py", line 7, in <module>
    from jupyterlab_nvdashboard import apps
  File "/global/common/software/nersc9/jupyter/ex/24-05/lib/python3.10/site-packages/jupyterlab_nvdashboard/apps/__init__.py", line 2, in <module>
    from . import gpu
  File "/global/common/software/nersc9/jupyter/ex/24-05/lib/python3.10/site-packages/jupyterlab_nvdashboard/apps/gpu.py", line 19, in <module>
    pynvml.nvmlInit()
  File "/global/common/software/nersc9/jupyter/ex/24-05/lib/python3.10/site-packages/pynvml/nvml.py", line 1770, in nvmlInit
    nvmlInitWithFlags(0)
  File "/global/common/software/nersc9/jupyter/ex/24-05/lib/python3.10/site-packages/pynvml/nvml.py", line 1760, in nvmlInitWithFlags
    _nvmlCheckReturn(ret)
  File "/global/common/software/nersc9/jupyter/ex/24-05/lib/python3.10/site-packages/pynvml/nvml.py", line 833, in _nvmlCheckReturn
    raise NVMLError(ret)
pynvml.nvml.NVMLError_DriverNotLoaded: Driver Not Loaded

Lmod is automatically replacing "gcc-native/12.3" with "gcc/11.2.0".


Lmod is automatically replacing "gcc-native/12.3" with "gcc/11.2.0".

Traceback (most recent call last):
  File "/global/common/software/nersc9/jupyter/ex/24-05/lib/python3.10/site-packages/jupyterlab_nvdashboard/server.py", line 7, in <module>
    from jupyterlab_nvdashboard import apps
  File "/global/common/software/nersc9/jupyter/ex/24-05/lib/python3.10/site-packages/jupyterlab_nvdashboard/apps/__init__.py", line 2, in <module>
    from . import gpu
  File "/global/common/software/nersc9/jupyter/ex/24-05/lib/python3.10/site-packages/jupyterlab_nvdashboard/apps/gpu.py", line 19, in <module>
    pynvml.nvmlInit()
  File "/global/common/software/nersc9/jupyter/ex/24-05/lib/python3.10/site-packages/pynvml/nvml.py", line 1770, in nvmlInit
    nvmlInitWithFlags(0)
  File "/global/common/software/nersc9/jupyter/ex/24-05/lib/python3.10/site-packages/pynvml/nvml.py", line 1760, in nvmlInitWithFlags
    _nvmlCheckReturn(ret)
  File "/global/common/software/nersc9/jupyter/ex/24-05/lib/python3.10/site-packages/pynvml/nvml.py", line 833, in _nvmlCheckReturn
    raise NVMLError(ret)
pynvml.nvml.NVMLError_DriverNotLoaded: Driver Not Loaded
[W 2024-10-04 11:20:22.183 ServerApp] Could not destroy zmq context for <jupyter_client.asynchronous.client.AsyncKernelClient object at 0x7f83f96258a0>

Inactive Modules:
  1) cray-libsci/23.12.5

The following have been reloaded with a version change:
  1) cray-mpich/8.1.28 => cray-mpich/8.1.25


Inactive Modules:
  1) cray-libsci/23.12.5

The following have been reloaded with a version change:
  1) cray-mpich/8.1.28 => cray-mpich/8.1.25

Traceback (most recent call last):
  File "/global/common/software/nersc9/jupyter/ex/24-05/lib/python3.10/site-packages/jupyterlab_nvdashboard/server.py", line 7, in <module>
    from jupyterlab_nvdashboard import apps
  File "/global/common/software/nersc9/jupyter/ex/24-05/lib/python3.10/site-packages/jupyterlab_nvdashboard/apps/__init__.py", line 2, in <module>
    from . import gpu
  File "/global/common/software/nersc9/jupyter/ex/24-05/lib/python3.10/site-packages/jupyterlab_nvdashboard/apps/gpu.py", line 19, in <module>
    pynvml.nvmlInit()
  File "/global/common/software/nersc9/jupyter/ex/24-05/lib/python3.10/site-packages/pynvml/nvml.py", line 1770, in nvmlInit
    nvmlInitWithFlags(0)
  File "/global/common/software/nersc9/jupyter/ex/24-05/lib/python3.10/site-packages/pynvml/nvml.py", line 1760, in nvmlInitWithFlags
    _nvmlCheckReturn(ret)
  File "/global/common/software/nersc9/jupyter/ex/24-05/lib/python3.10/site-packages/pynvml/nvml.py", line 833, in _nvmlCheckReturn
    raise NVMLError(ret)
pynvml.nvml.NVMLError_DriverNotLoaded: Driver Not Loaded
Traceback (most recent call last):
  File "/global/common/software/nersc9/jupyter/ex/24-05/lib/python3.10/site-packages/jupyterlab_nvdashboard/server.py", line 7, in <module>
    from jupyterlab_nvdashboard import apps
  File "/global/common/software/nersc9/jupyter/ex/24-05/lib/python3.10/site-packages/jupyterlab_nvdashboard/apps/__init__.py", line 2, in <module>
    from . import gpu
  File "/global/common/software/nersc9/jupyter/ex/24-05/lib/python3.10/site-packages/jupyterlab_nvdashboard/apps/gpu.py", line 19, in <module>
    pynvml.nvmlInit()
  File "/global/common/software/nersc9/jupyter/ex/24-05/lib/python3.10/site-packages/pynvml/nvml.py", line 1770, in nvmlInit
    nvmlInitWithFlags(0)
  File "/global/common/software/nersc9/jupyter/ex/24-05/lib/python3.10/site-packages/pynvml/nvml.py", line 1760, in nvmlInitWithFlags
    _nvmlCheckReturn(ret)
  File "/global/common/software/nersc9/jupyter/ex/24-05/lib/python3.10/site-packages/pynvml/nvml.py", line 833, in _nvmlCheckReturn
    raise NVMLError(ret)
pynvml.nvml.NVMLError_DriverNotLoaded: Driver Not Loaded
Traceback (most recent call last):
  File "/global/common/software/nersc9/jupyter/ex/24-05/lib/python3.10/site-packages/jupyterlab_nvdashboard/server.py", line 7, in <module>
    from jupyterlab_nvdashboard import apps
  File "/global/common/software/nersc9/jupyter/ex/24-05/lib/python3.10/site-packages/jupyterlab_nvdashboard/apps/__init__.py", line 2, in <module>
    from . import gpu
  File "/global/common/software/nersc9/jupyter/ex/24-05/lib/python3.10/site-packages/jupyterlab_nvdashboard/apps/gpu.py", line 19, in <module>
    pynvml.nvmlInit()
  File "/global/common/software/nersc9/jupyter/ex/24-05/lib/python3.10/site-packages/pynvml/nvml.py", line 1770, in nvmlInit
    nvmlInitWithFlags(0)
  File "/global/common/software/nersc9/jupyter/ex/24-05/lib/python3.10/site-packages/pynvml/nvml.py", line 1760, in nvmlInitWithFlags
    _nvmlCheckReturn(ret)
  File "/global/common/software/nersc9/jupyter/ex/24-05/lib/python3.10/site-packages/pynvml/nvml.py", line 833, in _nvmlCheckReturn
    raise NVMLError(ret)
pynvml.nvml.NVMLError_DriverNotLoaded: Driver Not Loaded
Traceback (most recent call last):
  File "/global/common/software/nersc9/jupyter/ex/24-05/lib/python3.10/site-packages/jupyterlab_nvdashboard/server.py", line 7, in <module>
    from jupyterlab_nvdashboard import apps
  File "/global/common/software/nersc9/jupyter/ex/24-05/lib/python3.10/site-packages/jupyterlab_nvdashboard/apps/__init__.py", line 2, in <module>
    from . import gpu
  File "/global/common/software/nersc9/jupyter/ex/24-05/lib/python3.10/site-packages/jupyterlab_nvdashboard/apps/gpu.py", line 19, in <module>
    pynvml.nvmlInit()
  File "/global/common/software/nersc9/jupyter/ex/24-05/lib/python3.10/site-packages/pynvml/nvml.py", line 1770, in nvmlInit
    nvmlInitWithFlags(0)
  File "/global/common/software/nersc9/jupyter/ex/24-05/lib/python3.10/site-packages/pynvml/nvml.py", line 1760, in nvmlInitWithFlags
    _nvmlCheckReturn(ret)
  File "/global/common/software/nersc9/jupyter/ex/24-05/lib/python3.10/site-packages/pynvml/nvml.py", line 833, in _nvmlCheckReturn
    raise NVMLError(ret)
pynvml.nvml.NVMLError_DriverNotLoaded: Driver Not Loaded
Traceback (most recent call last):
  File "/global/common/software/nersc9/jupyter/ex/24-05/lib/python3.10/site-packages/jupyterlab_nvdashboard/server.py", line 7, in <module>
    from jupyterlab_nvdashboard import apps
  File "/global/common/software/nersc9/jupyter/ex/24-05/lib/python3.10/site-packages/jupyterlab_nvdashboard/apps/__init__.py", line 2, in <module>
    from . import gpu
  File "/global/common/software/nersc9/jupyter/ex/24-05/lib/python3.10/site-packages/jupyterlab_nvdashboard/apps/gpu.py", line 19, in <module>
    pynvml.nvmlInit()
  File "/global/common/software/nersc9/jupyter/ex/24-05/lib/python3.10/site-packages/pynvml/nvml.py", line 1770, in nvmlInit
    nvmlInitWithFlags(0)
  File "/global/common/software/nersc9/jupyter/ex/24-05/lib/python3.10/site-packages/pynvml/nvml.py", line 1760, in nvmlInitWithFlags
    _nvmlCheckReturn(ret)
  File "/global/common/software/nersc9/jupyter/ex/24-05/lib/python3.10/site-packages/pynvml/nvml.py", line 833, in _nvmlCheckReturn
    raise NVMLError(ret)
pynvml.nvml.NVMLError_DriverNotLoaded: Driver Not Loaded
[I 2024-10-04 11:20:28.907 ServerApp] Connecting to kernel fa15f75c-879b-4be9-9f11-8ac71d846e64.
[I 2024-10-04 11:20:29.145 ServerApp] Starting buffering for fa15f75c-879b-4be9-9f11-8ac71d846e64:b943f997-a8e6-4efb-89a3-77c88b1f1a6a
[I 2024-10-04 11:20:29.195 ServerApp] Connecting to kernel eb2b1146-225f-40f3-902a-22eb01b5f1dc.
[I 2024-10-04 11:20:29.411 ServerApp] Connecting to kernel fa15f75c-879b-4be9-9f11-8ac71d846e64.
Traceback (most recent call last):
  File "/global/common/software/nersc9/jupyter/ex/24-05/lib/python3.10/site-packages/jupyterlab_nvdashboard/server.py", line 7, in <module>
    from jupyterlab_nvdashboard import apps
  File "/global/common/software/nersc9/jupyter/ex/24-05/lib/python3.10/site-packages/jupyterlab_nvdashboard/apps/__init__.py", line 2, in <module>
    from . import gpu
  File "/global/common/software/nersc9/jupyter/ex/24-05/lib/python3.10/site-packages/jupyterlab_nvdashboard/apps/gpu.py", line 19, in <module>
    pynvml.nvmlInit()
  File "/global/common/software/nersc9/jupyter/ex/24-05/lib/python3.10/site-packages/pynvml/nvml.py", line 1770, in nvmlInit
    nvmlInitWithFlags(0)
  File "/global/common/software/nersc9/jupyter/ex/24-05/lib/python3.10/site-packages/pynvml/nvml.py", line 1760, in nvmlInitWithFlags
    _nvmlCheckReturn(ret)
  File "/global/common/software/nersc9/jupyter/ex/24-05/lib/python3.10/site-packages/pynvml/nvml.py", line 833, in _nvmlCheckReturn
    raise NVMLError(ret)
pynvml.nvml.NVMLError_DriverNotLoaded: Driver Not Loaded
[I 2024-10-04 11:20:29.628 ServerApp] Connecting to kernel fa15f75c-879b-4be9-9f11-8ac71d846e64.
Traceback (most recent call last):
  File "/global/common/software/nersc9/jupyter/ex/24-05/lib/python3.10/site-packages/jupyterlab_nvdashboard/server.py", line 7, in <module>
    from jupyterlab_nvdashboard import apps
  File "/global/common/software/nersc9/jupyter/ex/24-05/lib/python3.10/site-packages/jupyterlab_nvdashboard/apps/__init__.py", line 2, in <module>
    from . import gpu
  File "/global/common/software/nersc9/jupyter/ex/24-05/lib/python3.10/site-packages/jupyterlab_nvdashboard/apps/gpu.py", line 19, in <module>
    pynvml.nvmlInit()
  File "/global/common/software/nersc9/jupyter/ex/24-05/lib/python3.10/site-packages/pynvml/nvml.py", line 1770, in nvmlInit
    nvmlInitWithFlags(0)
  File "/global/common/software/nersc9/jupyter/ex/24-05/lib/python3.10/site-packages/pynvml/nvml.py", line 1760, in nvmlInitWithFlags
    _nvmlCheckReturn(ret)
  File "/global/common/software/nersc9/jupyter/ex/24-05/lib/python3.10/site-packages/pynvml/nvml.py", line 833, in _nvmlCheckReturn
    raise NVMLError(ret)
pynvml.nvml.NVMLError_DriverNotLoaded: Driver Not Loaded
Traceback (most recent call last):
  File "/global/common/software/nersc9/jupyter/ex/24-05/lib/python3.10/site-packages/jupyterlab_nvdashboard/server.py", line 7, in <module>
    from jupyterlab_nvdashboard import apps
  File "/global/common/software/nersc9/jupyter/ex/24-05/lib/python3.10/site-packages/jupyterlab_nvdashboard/apps/__init__.py", line 2, in <module>
    from . import gpu
  File "/global/common/software/nersc9/jupyter/ex/24-05/lib/python3.10/site-packages/jupyterlab_nvdashboard/apps/gpu.py", line 19, in <module>
    pynvml.nvmlInit()
  File "/global/common/software/nersc9/jupyter/ex/24-05/lib/python3.10/site-packages/pynvml/nvml.py", line 1770, in nvmlInit
    nvmlInitWithFlags(0)
  File "/global/common/software/nersc9/jupyter/ex/24-05/lib/python3.10/site-packages/pynvml/nvml.py", line 1760, in nvmlInitWithFlags
    _nvmlCheckReturn(ret)
  File "/global/common/software/nersc9/jupyter/ex/24-05/lib/python3.10/site-packages/pynvml/nvml.py", line 833, in _nvmlCheckReturn
    raise NVMLError(ret)
pynvml.nvml.NVMLError_DriverNotLoaded: Driver Not Loaded
Traceback (most recent call last):
  File "/global/common/software/nersc9/jupyter/ex/24-05/lib/python3.10/site-packages/jupyterlab_nvdashboard/server.py", line 7, in <module>
    from jupyterlab_nvdashboard import apps
  File "/global/common/software/nersc9/jupyter/ex/24-05/lib/python3.10/site-packages/jupyterlab_nvdashboard/apps/__init__.py", line 2, in <module>
    from . import gpu
  File "/global/common/software/nersc9/jupyter/ex/24-05/lib/python3.10/site-packages/jupyterlab_nvdashboard/apps/gpu.py", line 19, in <module>
    pynvml.nvmlInit()
  File "/global/common/software/nersc9/jupyter/ex/24-05/lib/python3.10/site-packages/pynvml/nvml.py", line 1770, in nvmlInit
    nvmlInitWithFlags(0)
  File "/global/common/software/nersc9/jupyter/ex/24-05/lib/python3.10/site-packages/pynvml/nvml.py", line 1760, in nvmlInitWithFlags
    _nvmlCheckReturn(ret)
  File "/global/common/software/nersc9/jupyter/ex/24-05/lib/python3.10/site-packages/pynvml/nvml.py", line 833, in _nvmlCheckReturn
    raise NVMLError(ret)
pynvml.nvml.NVMLError_DriverNotLoaded: Driver Not Loaded
Traceback (most recent call last):
  File "/global/common/software/nersc9/jupyter/ex/24-05/lib/python3.10/site-packages/jupyterlab_nvdashboard/server.py", line 7, in <module>
    from jupyterlab_nvdashboard import apps
  File "/global/common/software/nersc9/jupyter/ex/24-05/lib/python3.10/site-packages/jupyterlab_nvdashboard/apps/__init__.py", line 2, in <module>
    from . import gpu
  File "/global/common/software/nersc9/jupyter/ex/24-05/lib/python3.10/site-packages/jupyterlab_nvdashboard/apps/gpu.py", line 19, in <module>
    pynvml.nvmlInit()
  File "/global/common/software/nersc9/jupyter/ex/24-05/lib/python3.10/site-packages/pynvml/nvml.py", line 1770, in nvmlInit
    nvmlInitWithFlags(0)
  File "/global/common/software/nersc9/jupyter/ex/24-05/lib/python3.10/site-packages/pynvml/nvml.py", line 1760, in nvmlInitWithFlags
    _nvmlCheckReturn(ret)
  File "/global/common/software/nersc9/jupyter/ex/24-05/lib/python3.10/site-packages/pynvml/nvml.py", line 833, in _nvmlCheckReturn
    raise NVMLError(ret)
pynvml.nvml.NVMLError_DriverNotLoaded: Driver Not Loaded
Traceback (most recent call last):
  File "/global/common/software/nersc9/jupyter/ex/24-05/lib/python3.10/site-packages/jupyterlab_nvdashboard/server.py", line 7, in <module>
    from jupyterlab_nvdashboard import apps
  File "/global/common/software/nersc9/jupyter/ex/24-05/lib/python3.10/site-packages/jupyterlab_nvdashboard/apps/__init__.py", line 2, in <module>
    from . import gpu
  File "/global/common/software/nersc9/jupyter/ex/24-05/lib/python3.10/site-packages/jupyterlab_nvdashboard/apps/gpu.py", line 19, in <module>
    pynvml.nvmlInit()
  File "/global/common/software/nersc9/jupyter/ex/24-05/lib/python3.10/site-packages/pynvml/nvml.py", line 1770, in nvmlInit
    nvmlInitWithFlags(0)
  File "/global/common/software/nersc9/jupyter/ex/24-05/lib/python3.10/site-packages/pynvml/nvml.py", line 1760, in nvmlInitWithFlags
    _nvmlCheckReturn(ret)
  File "/global/common/software/nersc9/jupyter/ex/24-05/lib/python3.10/site-packages/pynvml/nvml.py", line 833, in _nvmlCheckReturn
    raise NVMLError(ret)
pynvml.nvml.NVMLError_DriverNotLoaded: Driver Not Loaded
Traceback (most recent call last):
  File "/global/common/software/nersc9/jupyter/ex/24-05/lib/python3.10/site-packages/jupyterlab_nvdashboard/server.py", line 7, in <module>
    from jupyterlab_nvdashboard import apps
  File "/global/common/software/nersc9/jupyter/ex/24-05/lib/python3.10/site-packages/jupyterlab_nvdashboard/apps/__init__.py", line 2, in <module>
    from . import gpu
  File "/global/common/software/nersc9/jupyter/ex/24-05/lib/python3.10/site-packages/jupyterlab_nvdashboard/apps/gpu.py", line 19, in <module>
    pynvml.nvmlInit()
  File "/global/common/software/nersc9/jupyter/ex/24-05/lib/python3.10/site-packages/pynvml/nvml.py", line 1770, in nvmlInit
    nvmlInitWithFlags(0)
  File "/global/common/software/nersc9/jupyter/ex/24-05/lib/python3.10/site-packages/pynvml/nvml.py", line 1760, in nvmlInitWithFlags
    _nvmlCheckReturn(ret)
  File "/global/common/software/nersc9/jupyter/ex/24-05/lib/python3.10/site-packages/pynvml/nvml.py", line 833, in _nvmlCheckReturn
    raise NVMLError(ret)
pynvml.nvml.NVMLError_DriverNotLoaded: Driver Not Loaded
[I 2024-10-04 11:22:20.191 ServerApp] Saving file at /global/homes/c/crmiller/mocksCiC.ipynb
[I 2024-10-04 11:22:20.265 ServerApp] Saving mocksCiC.ipynb
[I 2024-10-04 11:24:20.988 ServerApp] Saving file at /global/homes/c/crmiller/mocksCiC.ipynb
[I 2024-10-04 11:24:21.038 ServerApp] Saving mocksCiC.ipynb
[I 2024-10-04 11:26:21.515 ServerApp] Saving file at /global/homes/c/crmiller/mocksCiC.ipynb
[I 2024-10-04 11:26:21.542 ServerApp] Saving mocksCiC.ipynb
[I 2024-10-04 11:28:21.922 ServerApp] Saving file at /global/homes/c/crmiller/mocksCiC.ipynb
[I 2024-10-04 11:28:21.958 ServerApp] Saving mocksCiC.ipynb
/global/common/software/nersc9/jupyter/ex/24-05/lib/python3.10/json/encoder.py:257: UserWarning: date_default is deprecated since jupyter_client 7.0.0. Use jupyter_client.jsonutil.json_default.
  return _iterencode(o, 0)
[W 2024-10-04 11:29:30.532 ServerApp] Could not destroy zmq context for <jupyter_client.asynchronous.client.AsyncKernelClient object at 0x7f83e9a5a200>
[W 2024-10-04 11:30:09.718 ServerApp] Could not destroy zmq context for <jupyter_client.asynchronous.client.AsyncKernelClient object at 0x7f83f96250f0>
[I 2024-10-04 11:30:22.231 ServerApp] Saving file at /global/homes/c/crmiller/mocksCiC.ipynb
[I 2024-10-04 11:30:22.274 ServerApp] Saving mocksCiC.ipynb
[I 2024-10-04 11:32:23.671 ServerApp] Saving file at /global/homes/c/crmiller/mocksCiC.ipynb
[I 2024-10-04 11:32:23.698 ServerApp] Saving mocksCiC.ipynb
[I 2024-10-04 11:34:28.110 ServerApp] Saving file at /global/homes/c/crmiller/mocksCiC.ipynb
[I 2024-10-04 11:34:28.139 ServerApp] Saving mocksCiC.ipynb
[I 2024-10-04 11:36:28.533 ServerApp] Saving file at /global/homes/c/crmiller/mocksCiC.ipynb
[I 2024-10-04 11:36:28.576 ServerApp] Saving mocksCiC.ipynb
[I 2024-10-04 11:38:28.825 ServerApp] Saving file at /global/homes/c/crmiller/mocksCiC.ipynb
[I 2024-10-04 11:38:29.078 ServerApp] Saving mocksCiC.ipynb
[W 2024-10-04 11:39:03.458 ServerApp] Could not destroy zmq context for <jupyter_client.asynchronous.client.AsyncKernelClient object at 0x7f8838b727d0>
[W 2024-10-04 11:39:13.746 ServerApp] Could not destroy zmq context for <jupyter_client.asynchronous.client.AsyncKernelClient object at 0x7f83e99daf80>
[I 2024-10-04 11:40:29.403 ServerApp] Saving file at /global/homes/c/crmiller/mocksCiC.ipynb
[I 2024-10-04 11:40:29.478 ServerApp] Saving mocksCiC.ipynb
[I 2024-10-04 11:42:30.320 ServerApp] Saving file at /global/homes/c/crmiller/mocksCiC.ipynb
[I 2024-10-04 11:42:30.346 ServerApp] Saving mocksCiC.ipynb
[I 2024-10-04 11:44:31.098 ServerApp] Saving file at /global/homes/c/crmiller/mocksCiC.ipynb
[I 2024-10-04 11:44:31.131 ServerApp] Saving mocksCiC.ipynb
[I 2024-10-04 11:46:31.712 ServerApp] Saving file at /global/homes/c/crmiller/mocksCiC.ipynb
[I 2024-10-04 11:46:31.764 ServerApp] Saving mocksCiC.ipynb
[I 2024-10-04 11:48:32.072 ServerApp] Saving file at /global/homes/c/crmiller/mocksCiC.ipynb
[I 2024-10-04 11:48:32.107 ServerApp] Saving mocksCiC.ipynb
[I 2024-10-04 11:50:32.375 ServerApp] Saving file at /global/homes/c/crmiller/mocksCiC.ipynb
[I 2024-10-04 11:50:32.404 ServerApp] Saving mocksCiC.ipynb
[W 2024-10-04 11:51:32.522 ServerApp] Could not destroy zmq context for <jupyter_client.asynchronous.client.AsyncKernelClient object at 0x7f83e98387f0>
[W 2024-10-04 11:51:42.709 ServerApp] Could not destroy zmq context for <jupyter_client.asynchronous.client.AsyncKernelClient object at 0x7f83e97f11b0>
[I 2024-10-04 11:52:32.697 ServerApp] Saving file at /global/homes/c/crmiller/mocksCiC.ipynb
[I 2024-10-04 11:52:32.730 ServerApp] Saving mocksCiC.ipynb
[W 2024-10-04 11:53:20.024 ServerApp] Could not destroy zmq context for <jupyter_client.asynchronous.client.AsyncKernelClient object at 0x7f83e97f1de0>
[I 2024-10-04 11:54:20.907 ServerApp] Saving file at /global/homes/c/crmiller/CompareSV3MocksCiC.ipynb
[I 2024-10-04 11:54:20.966 ServerApp] Saving CompareSV3MocksCiC.ipynb
[I 2024-10-04 11:54:33.418 ServerApp] Saving file at /global/homes/c/crmiller/mocksCiC.ipynb
[I 2024-10-04 11:54:33.445 ServerApp] Saving mocksCiC.ipynb
[I 2024-10-04 11:56:45.320 ServerApp] Kernel started: f57117b8-e2b4-4c02-9bf3-660b18b991c6

Lmod is automatically replacing "gcc-native/12.3" with "gcc/11.2.0".


Inactive Modules:
  1) cray-libsci/23.12.5

The following have been reloaded with a version change:
  1) cray-mpich/8.1.28 => cray-mpich/8.1.25

[W 2024-10-04 11:56:46.955 ServerApp] Could not destroy zmq context for <jupyter_client.asynchronous.client.AsyncKernelClient object at 0x7f83e983a080>
[I 2024-10-04 11:56:50.481 ServerApp] Connecting to kernel f57117b8-e2b4-4c02-9bf3-660b18b991c6.
[W 2024-10-04 11:57:03.721 ServerApp] Could not destroy zmq context for <jupyter_client.asynchronous.client.AsyncKernelClient object at 0x7f83e97b3880>
[W 2024-10-04 11:58:40.084 ServerApp] Could not destroy zmq context for <jupyter_client.asynchronous.client.AsyncKernelClient object at 0x7f83e983ab60>
[W 2024-10-04 11:59:23.944 ServerApp] Could not destroy zmq context for <jupyter_client.asynchronous.client.AsyncKernelClient object at 0x7f83e97f3970>
[W 2024-10-04 11:59:34.232 ServerApp] Could not destroy zmq context for <jupyter_client.asynchronous.client.AsyncKernelClient object at 0x7f83e983afe0>
[I 2024-10-04 12:00:22.423 ServerApp] Saving file at /global/homes/c/crmiller/CompareSV3MocksCiC.ipynb
[I 2024-10-04 12:00:22.479 ServerApp] Saving CompareSV3MocksCiC.ipynb
[I 2024-10-04 12:00:34.731 ServerApp] Saving file at /global/homes/c/crmiller/mocksCiC.ipynb
[I 2024-10-04 12:00:34.920 ServerApp] Saving mocksCiC.ipynb
[I 2024-10-04 12:02:24.067 ServerApp] Saving file at /global/homes/c/crmiller/CompareSV3MocksCiC.ipynb
[I 2024-10-04 12:02:24.108 ServerApp] Saving CompareSV3MocksCiC.ipynb
[I 2024-10-04 12:04:25.096 ServerApp] Saving file at /global/homes/c/crmiller/CompareSV3MocksCiC.ipynb
[I 2024-10-04 12:04:25.128 ServerApp] Saving CompareSV3MocksCiC.ipynb
[I 2024-10-04 12:06:26.289 ServerApp] Saving file at /global/homes/c/crmiller/CompareSV3MocksCiC.ipynb
[I 2024-10-04 12:06:26.318 ServerApp] Saving CompareSV3MocksCiC.ipynb
[I 2024-10-04 12:08:19.910 ServerApp] Starting buffering for f57117b8-e2b4-4c02-9bf3-660b18b991c6:e5f0e623-7c4e-4409-9efb-be681475a6b8
[I 2024-10-04 12:08:19.911 ServerApp] Starting buffering for fa15f75c-879b-4be9-9f11-8ac71d846e64:a5e62fd1-9172-473a-b5f4-c7db59965b04
[I 2024-10-04 12:08:19.931 ServerApp] Starting buffering for eb2b1146-225f-40f3-902a-22eb01b5f1dc:4b128a61-fc4e-4493-b335-236ae8dc8b41
[I 2024-10-04 12:08:20.121 ServerApp] Connecting to kernel f57117b8-e2b4-4c02-9bf3-660b18b991c6.
[I 2024-10-04 12:08:20.122 ServerApp] Restoring connection for f57117b8-e2b4-4c02-9bf3-660b18b991c6:e5f0e623-7c4e-4409-9efb-be681475a6b8
[I 2024-10-04 12:08:22.082 ServerApp] Connecting to kernel fa15f75c-879b-4be9-9f11-8ac71d846e64.
[I 2024-10-04 12:08:22.367 ServerApp] Connecting to kernel fa15f75c-879b-4be9-9f11-8ac71d846e64.
[I 2024-10-04 12:08:22.583 ServerApp] Connecting to kernel eb2b1146-225f-40f3-902a-22eb01b5f1dc.
[I 2024-10-04 12:08:22.586 ServerApp] Restoring connection for eb2b1146-225f-40f3-902a-22eb01b5f1dc:4b128a61-fc4e-4493-b335-236ae8dc8b41
[I 2024-10-04 12:08:27.068 ServerApp] Saving file at /global/homes/c/crmiller/CompareSV3MocksCiC.ipynb
[I 2024-10-04 12:08:27.106 ServerApp] Saving CompareSV3MocksCiC.ipynb
[W 2024-10-04 12:09:50.122 ServerApp] WebSocket ping timeout after 90000 ms.
[I 2024-10-04 12:09:50.123 ServerApp] Starting buffering for f57117b8-e2b4-4c02-9bf3-660b18b991c6:e5f0e623-7c4e-4409-9efb-be681475a6b8
[W 2024-10-04 12:09:52.083 ServerApp] WebSocket ping timeout after 90000 ms.
[W 2024-10-04 12:09:52.368 ServerApp] WebSocket ping timeout after 90000 ms.
[I 2024-10-04 12:09:52.369 ServerApp] Starting buffering for fa15f75c-879b-4be9-9f11-8ac71d846e64:a5e62fd1-9172-473a-b5f4-c7db59965b04
[W 2024-10-04 12:09:52.584 ServerApp] WebSocket ping timeout after 90001 ms.
[I 2024-10-04 12:09:52.585 ServerApp] Starting buffering for eb2b1146-225f-40f3-902a-22eb01b5f1dc:4b128a61-fc4e-4493-b335-236ae8dc8b41
[W 2024-10-04 12:38:08.968 ServerApp] Could not destroy zmq context for <jupyter_client.asynchronous.client.AsyncKernelClient object at 0x7f83e981bd60>
[I 2024-10-04 12:40:25.487 ServerApp] Kernel shutdown: fa15f75c-879b-4be9-9f11-8ac71d846e64
[I 2024-10-04 12:40:25.763 ServerApp] Kernel shutdown: f57117b8-e2b4-4c02-9bf3-660b18b991c6
[I 2024-10-04 12:40:37.750 ServerApp] Kernel interrupted: eb2b1146-225f-40f3-902a-22eb01b5f1dc
slurmstepd: error: *** JOB 31394696 ON nid004234 CANCELLED AT 2024-10-04T19:41:03 ***
